--------------------------------------------------------------------------------------
Timing Analyzer Summary
--------------------------------------------------------------------------------------

Type           : Worst-case tco
Slack          : N/A
Required Time  : None
Actual Time    : 17.794 ns
From           : CHIP_EMULATOR:inst4|SRAM~354
To             : SRAM_DQ[2]
From Clock     : clk_50
To Clock       : --
Failed Paths   : 0

Type           : Clock Setup: 'altpll0:inst1|altpll:altpll_component|_clk0'
Slack          : 23.319 ns
Required Time  : 12.50 MHz ( period = 80.000 ns )
Actual Time    : 29.97 MHz ( period = 33.362 ns )
From           : CHIP_EMULATOR:inst4|SRAM~354
To             : SRAM:inst9|SRAM_ADDR[2]
From Clock     : altpll0:inst1|altpll:altpll_component|_clk0
To Clock       : altpll0:inst1|altpll:altpll_component|_clk0
Failed Paths   : 0

Type           : Clock Hold: 'altpll0:inst1|altpll:altpll_component|_clk0'
Slack          : -0.483 ns
Required Time  : 12.50 MHz ( period = 80.000 ns )
Actual Time    : N/A
From           : CHIP_EMULATOR:inst4|SRAM~478
To             : CHIP_EMULATOR:inst4|SRAM~350
From Clock     : altpll0:inst1|altpll:altpll_component|_clk0
To Clock       : altpll0:inst1|altpll:altpll_component|_clk0
Failed Paths   : 5

Type           : Total number of failed paths
Slack          : 
Required Time  : 
Actual Time    : 
From           : 
To             : 
From Clock     : 
To Clock       : 
Failed Paths   : 5

--------------------------------------------------------------------------------------

